Microchip MPLAB XC8 Compiler V3.00

Linker command line:

-W-3 \
  --edf=/home/nour/programs/microchip/v6.25/packs/Microchip/PIC18Fxxxx_DFP/1.7.171/xc8/pic/dat/20250117225543_en.msgs \
  -cn -h+dist/default/debug/interfacing_main.X.debug.sym \
  --cmf=dist/default/debug/interfacing_main.X.debug.cmf -z -Q18F452 \
  -o/tmp/xcXnpKPEb/driver_tmp_3.o --defsym=__MPLAB_BUILD=1 \
  --fixupoverflow=error -Mdist/default/debug/interfacing_main.X.debug.map \
  --md=/tmp/xcXnpKPEb/driver_tmp_0.dat -E1 -ver=XC8 Compiler \
  -ACODE=00h-03FFFhx2 -ACONST=00h-07FFFh -ASMALLCONST=0600h-06FFhx122 \
  -AMEDIUMCONST=0600h-07FFFh -ACOMRAM=01h-07Fh -AABS1=00h-05FFh \
  -ABIGRAM=01h-05FFh -ARAM=080h-0FFh,0100h-01FFhx5 -ABANK0=080h-0FFh \
  -ABANK1=0100h-01FFh -ABANK2=0200h-02FFh -ABANK3=0300h-03FFh \
  -ABANK4=0400h-04FFh -ABANK5=0500h-05FFh -ASFR=0F80h-0FFFh \
  -ABIGSFR=0F80h-0FFFh -ACONFIG=0300000h-030000Dh -AIDLOC=0200000h-0200007h \
  -AEEDATA=0F00000h-0F000FFh -peeprom_data=EEDATA \
  -preset_vec=00h,intcode=8h,intcodelo=18h,sivt_lo,sivt_hi=CODE \
  -ppowerup=CODE,init -pramtop=0600h -psmallconst=SMALLCONST \
  -pmediumconst=MEDIUMCONST -pconst=CONST -AFARRAM=00h-00h \
  -prdata=COMRAM,nvrram=COMRAM,nvbit=COMRAM,rbss=COMRAM,rbit=COMRAM \
  -pfarbss=FARRAM,fardata=FARRAM,nvFARRAM=FARRAM \
  -pintsave_regs=BIGRAM,bigbss=BIGRAM,bigdata=BIGRAM -pbss=RAM \
  -pidata=CODE,irdata=CODE,ibigdata=CODE,ifardata=CODE -prparam=COMRAM \
  /tmp/xcXnpKPEb/driver_tmp_9.o \
  dist/default/debug/interfacing_main.X.debug.o 

Object code version is 3.11

Machine type is 18F452



                Name                               Link     Load   Length Selector   Space Scale
/tmp/xcXnpKPEb/driver_tmp_9.o
                config                           300000   300000        E        0       4
                text                               12DC     12DC        2      916       0
                init                                 A8       A8        4        C       0
                reset_vec                             0        0        6        0       0
dist/default/debug/interfacing_main.X.debug.o
                intcodelo                            18       18       90        C       0
                intcode                               8        8        8        4       0
                config                           300000   300000        E        0       4
                temp                                 79       79        1        1       1
                smallconst                          600      600       16      300       0
                text22                             12D4     12D4        8      916       0
                text21                             12CC     12CC        8      916       0
                text20                             12C4     12C4        8      916       0
                text19                             12BC     12BC        8      916       0
                intcode_body                        F06      F06       B0      30B       0
                text17                             12B4     12B4        8      916       0
                text16                             12AC     12AC        8      916       0
                text15                             12A4     12A4        8      916       0
                text13                              762      762      124      30B       0
                text12                              886      886      118      30B       0
                text11                              E4E      E4E       B8      30B       0
                text10                             1166     1166       72      30B       0
                text9                              10DA     10DA       8C      30B       0
                text8                              104E     104E       8C      30B       0
                text7                               616      616      14C      30B       0
                text6                               BC4      BC4       DE      30B       0
                text5                               CA2      CA2       DA      30B       0
                text4                               D7C      D7C       D2      30B       0
                text3                               99E      99E      114      30B       0
                text2                               AB2      AB2      112      30B       0
                text1                               FB6      FB6       98      30B       0
                text0                              122C     122C       3E      916       0
                cstackCOMRAM                         6A       6A        F        1       1
                dataCOMRAM                            1        1       53        1       1
                bssCOMRAM                            54       54       16        1       1
                cinit                              126A     126A       3A      916       0
                idataCOMRAM                        11D8     11D8       53      30B       0

TOTAL           Name                               Link     Load   Length     Space
        CLASS   CODE           
                intcodelo                            18       18       90         0
                intcode                               8        8        8         0
                text                               12DC     12DC        2         0
                init                                 A8       A8        4         0
                reset_vec                             0        0        6         0
                text22                             12D4     12D4        8         0
                text21                             12CC     12CC        8         0
                text20                             12C4     12C4        8         0
                text19                             12BC     12BC        8         0
                intcode_body                        F06      F06       B0         0
                text17                             12B4     12B4        8         0
                text16                             12AC     12AC        8         0
                text15                             12A4     12A4        8         0
                text13                              762      762      124         0
                text12                              886      886      118         0
                text11                              E4E      E4E       B8         0
                text10                             1166     1166       72         0
                text9                              10DA     10DA       8C         0
                text8                              104E     104E       8C         0
                text7                               616      616      14C         0
                text6                               BC4      BC4       DE         0
                text5                               CA2      CA2       DA         0
                text4                               D7C      D7C       D2         0
                text3                               99E      99E      114         0
                text2                               AB2      AB2      112         0
                text1                               FB6      FB6       98         0
                text0                              122C     122C       3E         0
                cinit                              126A     126A       3A         0
                idataCOMRAM                        11D8     11D8       53         0

        CLASS   CONST          

        CLASS   SMALLCONST     
                smallconst                          600      600       16         0

        CLASS   MEDIUMCONST    

        CLASS   COMRAM         
                temp                                 79       79        1         1
                cstackCOMRAM                         6A       6A        F         1
                dataCOMRAM                            1        1       53         1
                bssCOMRAM                            54       54       16         1

        CLASS   ABS1           

        CLASS   BIGRAM         

        CLASS   RAM            

        CLASS   BANK0          

        CLASS   BANK1          

        CLASS   BANK2          

        CLASS   BANK3          

        CLASS   BANK4          

        CLASS   BANK5          

        CLASS   SFR            

        CLASS   BIGSFR         

        CLASS   CONFIG         
                config                           300000   300000        E         4

        CLASS   IDLOC          

        CLASS   EEDATA         

        CLASS   FARRAM         

        CLASS   HEAP           

        CLASS   STACK          



SEGMENTS        Name                           Load    Length   Top    Selector   Space  Class

                reset_vec                      000000  000006  000006         0       0  CODE    
                text7                          000616  000C15  00122B       30B       0  CODE    
                text0                          00122C  0000B2  0012DE       916       0  CODE    
                dataCOMRAM                     000001  000079  00007A         1       1  COMRAM  
                intcode                        000008  000008  000010         4       0  CODE    
                intcodelo                      000018  000094  0000AC         C       0  CODE    
                smallconst                     000600  000016  000616       300       0  SMALLCON


UNUSED ADDRESS RANGES

        Name                Unused          Largest block    Delta
        BANK0            000080-0000FF               80
        BANK1            000100-0001FF              100
        BANK2            000200-0002FF              100
        BANK3            000300-0003FF              100
        BANK4            000400-0004FF              100
        BANK5            000500-0005FF              100
        BIGRAM           00007A-0005FF              586
        BIGSFR           000F80-000FFF               80
        CODE             000006-000007                2
                         000010-000017                8
                         0000AC-0005FF              554
                         00122B-00122B                1
                         0012DE-007FFF             2D22
        COMRAM           00007A-00007F                6
        CONST            000006-000007                2
                         000010-000017                8
                         0000AC-0005FF              554
                         00122B-00122B                1
                         0012DE-007FFF             6D22
        EEDATA           F00000-F000FF              100
        IDLOC            200000-200007                8
        MEDIUMCONST      00122B-00122B                1
                         0012DE-007FFF             6D22
        RAM              000080-0005FF              100
        SFR              000F80-000FFF               80
        SMALLCONST       00122B-00122B                1
                         0012DE-007FFF              100

                                  Symbol Table

GPIO_check_access@_pin_config                                cstackCOMRAM 00006B
GPIO_check_access@ret                                        cstackCOMRAM 00006D
GPIO_pin_direction_initialize@_pin_config                    cstackCOMRAM 00006E
GPIO_pin_direction_initialize@ret                            cstackCOMRAM 000074
GPIO_pin_write_logic@_pin_config                             cstackCOMRAM 00006E
GPIO_pin_write_logic@logic                                   cstackCOMRAM 00006F
GPIO_pin_write_logic@ret                                     cstackCOMRAM 000075
INT_INTx_check_access@lint                                   cstackCOMRAM 00006B
INT_INTx_check_access@ret                                    cstackCOMRAM 00006C
INT_INTx_clear_flag@ind                                      cstackCOMRAM 000070
INT_INTx_clear_flag@lint                                     cstackCOMRAM 00006D
INT_INTx_clear_flag@ret                                      cstackCOMRAM 000071
INT_INTx_disable@ind                                         cstackCOMRAM 000070
INT_INTx_disable@lint                                        cstackCOMRAM 00006D
INT_INTx_disable@ret                                         cstackCOMRAM 000071
INT_INTx_edge_initialize@ind                                 cstackCOMRAM 000070
INT_INTx_edge_initialize@lint                                cstackCOMRAM 00006D
INT_INTx_edge_initialize@ret                                 cstackCOMRAM 000071
INT_INTx_enable@ind                                          cstackCOMRAM 000070
INT_INTx_enable@lint                                         cstackCOMRAM 00006D
INT_INTx_enable@ret                                          cstackCOMRAM 000071
INT_INTx_get_index@ind                                       cstackCOMRAM 00006C
INT_INTx_get_index@lint                                      cstackCOMRAM 00006B
INT_INTx_initialize@lint                                     cstackCOMRAM 000075
INT_INTx_initialize@ret                                      cstackCOMRAM 000077
INT_INTx_priority_initialize@ind                             cstackCOMRAM 000070
INT_INTx_priority_initialize@lint                            cstackCOMRAM 00006D
INT_INTx_priority_initialize@ret                             cstackCOMRAM 000071
INT_INTx_set_callback_routine@ind                            cstackCOMRAM 000070
INT_INTx_set_callback_routine@lint                           cstackCOMRAM 00006D
INT_INTx_set_callback_routine@ret                            cstackCOMRAM 000071
LED_initialize@F2870                                         bssCOMRAM    000068
LED_off@F2880                                                bssCOMRAM    000066
LED_on@F2875                                                 bssCOMRAM    000067
LED_on@led                                                   cstackCOMRAM 000076
LED_on@pin_local                                             cstackCOMRAM 000078
LED_toggle@F2885                                             bssCOMRAM    000065
_GPIO_check_access                                           text13       000762
_GPIO_pin_direction_initialize                               text12       000886
_GPIO_pin_write_logic                                        text2        000AB2
_INT0_ISR                                                    text17       0012B4
_INT0_handler                                                bssCOMRAM    00005C
_INT1_ISR                                                    text16       0012AC
_INT1_handler                                                bssCOMRAM    00005A
_INT2_ISR                                                    text15       0012A4
_INT2_handler                                                bssCOMRAM    000058
_INTCON2bits                                                 (abs)        000FF1
_INTCON3bits                                                 (abs)        000FF0
_INTCONbits                                                  (abs)        000FF2
_INT_INTx_check_access                                       text11       000E4E
_INT_INTx_clear_flag                                         text9        0010DA
_INT_INTx_disable                                            text8        00104E
_INT_INTx_edge_initialize                                    text7        000616
_INT_INTx_enable                                             text6        000BC4
_INT_INTx_get_index                                          text10       001166
_INT_INTx_initialize                                         text3        00099E
_INT_INTx_initialize$1300                                    cstackCOMRAM 000076
_INT_INTx_priority_initialize                                text5        000CA2
_INT_INTx_set_callback_routine                               text4        000D7C
_Iflag                                                       bssCOMRAM    000061
_InterruptManager                                            intcode      000008
_InterruptManagerLow                                         intcodelo    000018
_LATA                                                        (abs)        000F89
_LATB                                                        (abs)        000F8A
_LATC                                                        (abs)        000F8B
_LATD                                                        (abs)        000F8C
_LATE                                                        (abs)        000F8D
_LCD1                                                        dataCOMRAM   000001
_LED_NOK                                                     dataCOMRAM   000053
_LED_OK                                                      bssCOMRAM    000069
_LED_on                                                      text1        000FB6
_PORTA                                                       (abs)        000F80
_PORTB                                                       (abs)        000F81
_PORTC                                                       (abs)        000F82
_PORTD                                                       (abs)        000F83
_PORTE                                                       (abs)        000F84
_RB_ISR                                                      text22       0012D4
_RB_handler                                                  bssCOMRAM    000056
_RCONbits                                                    (abs)        000FD0
_TRISA                                                       (abs)        000F92
_TRISB                                                       (abs)        000F93
_TRISC                                                       (abs)        000F94
_TRISD                                                       (abs)        000F95
_TRISE                                                       (abs)        000F96
__HRAM                                                       (abs)        000000
__H__absolute__                                              __absolute__ 000000
__Habs1                                                      abs1         000000
__Hbank0                                                     bank0        000000
__Hbank1                                                     bank1        000000
__Hbank2                                                     bank2        000000
__Hbank3                                                     bank3        000000
__Hbank4                                                     bank4        000000
__Hbank5                                                     bank5        000000
__Hbigbss                                                    bigbss       000000
__Hbigdata                                                   bigdata      000000
__Hbigram                                                    bigram       000000
__Hbigsfr                                                    bigsfr       000000
__Hbss                                                       bss          000000
__HbssCOMRAM                                                 bssCOMRAM    000000
__Hcinit                                                     cinit        000000
__Hclrtext                                                   clrtext      000000
__Hcomram                                                    comram       000000
__Hconfig                                                    config       30000E
__Hconst                                                     const        000000
__HcstackCOMRAM                                              cstackCOMRAM 000000
__Hdata                                                      data         000000
__HdataCOMRAM                                                dataCOMRAM   000000
__Heeprom_data                                               eeprom_data  000000
__Hfarbss                                                    farbss       000000
__Hfardata                                                   fardata      000000
__Hheap                                                      heap         000000
__Hibigdata                                                  ibigdata     000000
__Hidata                                                     idata        000000
__HidataCOMRAM                                               idataCOMRAM  000000
__Hidloc                                                     idloc        000000
__Hifardata                                                  ifardata     000000
__Hinit                                                      init         0000AC
__Hintcode                                                   intcode      000010
__Hintcode_body                                              intcode_body 000000
__Hintcodelo                                                 intcodelo    0000A8
__Hintentry                                                  intentry     000000
__Hintret                                                    intret       000000
__Hintsave_regs                                              intsave_regs 000000
__Hirdata                                                    irdata       000000
__Hmediumconst                                               mediumconst  000000
__HnvFARRAM                                                  nvFARRAM     000000
__Hnvbit                                                     nvbit        000000
__Hnvrram                                                    nvrram       000000
__Hparam                                                     rparam       000000
__Hpowerup                                                   powerup      000000
__Hram                                                       ram          000000
__Hramtop                                                    ramtop       000600
__Hrbit                                                      rbit         000000
__Hrbss                                                      rbss         000000
__Hrdata                                                     rdata        000000
__Hreset_vec                                                 reset_vec    000006
__Hrparam                                                    rparam       000000
__Hsfr                                                       sfr          000000
__Hsivt_hi                                                   sivt_hi      000000
__Hsivt_lo                                                   sivt_lo      0000A8
__Hsmallconst                                                smallconst   000616
__Hspace_0                                                   (abs)        0012DE
__Hspace_1                                                   (abs)        00007A
__Hspace_2                                                   (abs)        000000
__Hspace_4                                                   (abs)        60000E
__Hstack                                                     stack        000000
__Hstruct                                                    struct       000000
__Htemp                                                      temp         00007A
__Htext                                                      text         000000
__Htext0                                                     text0        000000
__Htext1                                                     text1        000000
__Htext10                                                    text10       000000
__Htext11                                                    text11       000000
__Htext12                                                    text12       000000
__Htext13                                                    text13       000000
__Htext15                                                    text15       000000
__Htext16                                                    text16       000000
__Htext17                                                    text17       000000
__Htext19                                                    text19       000000
__Htext2                                                     text2        000000
__Htext20                                                    text20       000000
__Htext21                                                    text21       000000
__Htext22                                                    text22       000000
__Htext3                                                     text3        000000
__Htext4                                                     text4        000000
__Htext5                                                     text5        000000
__Htext6                                                     text6        000000
__Htext7                                                     text7        000000
__Htext8                                                     text8        000000
__Htext9                                                     text9        000000
__LAT_registers                                              dataCOMRAM   000016
__LRAM                                                       (abs)        000001
__L__absolute__                                              __absolute__ 000000
__Labs1                                                      abs1         000000
__Lbank0                                                     bank0        000000
__Lbank1                                                     bank1        000000
__Lbank2                                                     bank2        000000
__Lbank3                                                     bank3        000000
__Lbank4                                                     bank4        000000
__Lbank5                                                     bank5        000000
__Lbigbss                                                    bigbss       000000
__Lbigdata                                                   bigdata      000000
__Lbigram                                                    bigram       000000
__Lbigsfr                                                    bigsfr       000000
__Lbss                                                       bss          000000
__LbssCOMRAM                                                 bssCOMRAM    000000
__Lcinit                                                     cinit        000000
__Lclrtext                                                   clrtext      000000
__Lcomram                                                    comram       000000
__Lconfig                                                    config       000000
__Lconst                                                     const        000000
__LcstackCOMRAM                                              cstackCOMRAM 000000
__Ldata                                                      data         000000
__LdataCOMRAM                                                dataCOMRAM   000000
__Leeprom_data                                               eeprom_data  000000
__Lfarbss                                                    farbss       000000
__Lfardata                                                   fardata      000000
__Lheap                                                      heap         000000
__Libigdata                                                  ibigdata     000000
__Lidata                                                     idata        000000
__LidataCOMRAM                                               idataCOMRAM  000000
__Lidloc                                                     idloc        000000
__Lifardata                                                  ifardata     000000
__Linit                                                      init         0000A8
__Lintcode                                                   intcode      000008
__Lintcode_body                                              intcode_body 000000
__Lintcodelo                                                 intcodelo    000018
__Lintentry                                                  intentry     000000
__Lintret                                                    intret       000000
__Lintsave_regs                                              intsave_regs 000000
__Lirdata                                                    irdata       000000
__Lmediumconst                                               mediumconst  000000
__LnvFARRAM                                                  nvFARRAM     000000
__Lnvbit                                                     nvbit        000000
__Lnvrram                                                    nvrram       000000
__Lparam                                                     rparam       000000
__Lpowerup                                                   powerup      000000
__Lram                                                       ram          000000
__Lramtop                                                    ramtop       000600
__Lrbit                                                      rbit         000000
__Lrbss                                                      rbss         000000
__Lrdata                                                     rdata        000000
__Lreset_vec                                                 reset_vec    000000
__Lrparam                                                    rparam       000000
__Lsfr                                                       sfr          000000
__Lsivt_hi                                                   sivt_hi      000000
__Lsivt_lo                                                   sivt_lo      0000A8
__Lsmallconst                                                smallconst   000600
__Lspace_0                                                   (abs)        000000
__Lspace_1                                                   (abs)        000000
__Lspace_2                                                   (abs)        000000
__Lspace_4                                                   (abs)        000000
__Lstack                                                     stack        000000
__Lstruct                                                    struct       000000
__Ltemp                                                      temp         000079
__Ltext                                                      text         000000
__Ltext0                                                     text0        000000
__Ltext1                                                     text1        000000
__Ltext10                                                    text10       000000
__Ltext11                                                    text11       000000
__Ltext12                                                    text12       000000
__Ltext13                                                    text13       000000
__Ltext15                                                    text15       000000
__Ltext16                                                    text16       000000
__Ltext17                                                    text17       000000
__Ltext19                                                    text19       000000
__Ltext2                                                     text2        000000
__Ltext20                                                    text20       000000
__Ltext21                                                    text21       000000
__Ltext22                                                    text22       000000
__Ltext3                                                     text3        000000
__Ltext4                                                     text4        000000
__Ltext5                                                     text5        000000
__Ltext6                                                     text6        000000
__Ltext7                                                     text7        000000
__Ltext8                                                     text8        000000
__Ltext9                                                     text9        000000
__PORT_registers                                             dataCOMRAM   00000C
__S0                                                         (abs)        0012DE
__S1                                                         (abs)        00007A
__S4                                                         (abs)        000000
__S5                                                         (abs)        000000
__TRIS_registers                                             dataCOMRAM   000020
___heap_hi                                                   (abs)        000000
___heap_lo                                                   (abs)        000000
___inthi_sp                                                  stack        000000
___inthi_stack_hi                                            stack        000000
___inthi_stack_lo                                            stack        000000
___intlo_sp                                                  stack        000000
___intlo_stack_hi                                            stack        000000
___intlo_stack_lo                                            stack        000000
___param_bank                                                (abs)        000000
___rparam_used                                               (abs)        000001
___sp                                                        stack        000000
___stack_hi                                                  stack        000000
___stack_lo                                                  stack        000000
__accesstop                                                  (abs)        000080
__activetblptr                                               (abs)        000002
__cntErrataNOP_/tmp/xcXnpKPEb/driver_tmp_9.o                 (abs)        000001
__cntErrataNOP_dist/default/debug/interfacing_main.X.debug.o (abs)        0000D2
__end_of_GPIO_check_access                                   text13       000886
__end_of_GPIO_pin_direction_initialize                       text12       00099E
__end_of_GPIO_pin_write_logic                                text2        000BC4
__end_of_INT0_ISR                                            text17       0012BC
__end_of_INT1_ISR                                            text16       0012B4
__end_of_INT2_ISR                                            text15       0012AC
__end_of_INT_INTx_check_access                               text11       000F06
__end_of_INT_INTx_clear_flag                                 text9        001166
__end_of_INT_INTx_disable                                    text8        0010DA
__end_of_INT_INTx_edge_initialize                            text7        000762
__end_of_INT_INTx_enable                                     text6        000CA2
__end_of_INT_INTx_get_index                                  text10       0011D8
__end_of_INT_INTx_initialize                                 text3        000AB2
__end_of_INT_INTx_priority_initialize                        text5        000D7C
__end_of_INT_INTx_set_callback_routine                       text4        000E4E
__end_of_InterruptManager                                    intcode_body 000FB6
__end_of_InterruptManagerLow                                 intcodelo    0000A8
__end_of_LED_on                                              text1        00104E
__end_of_RB_ISR                                              text22       0012DC
__end_of__initialization                                     cinit        001296
__end_of_keypad_elements                                     smallconst   000611
__end_of_main                                                text0        00126A
__end_ofi2_INT0_ISR                                          text21       0012D4
__end_ofi2_INT1_ISR                                          text20       0012CC
__end_ofi2_INT2_ISR                                          text19       0012C4
__initialization                                             cinit        00126A
__mediumconst                                                smallconst   000600
__pbssCOMRAM                                                 bssCOMRAM    000054
__pcinit                                                     cinit        00126A
__pcstackCOMRAM                                              cstackCOMRAM 00006A
__pdataCOMRAM                                                dataCOMRAM   000001
__pidataCOMRAM                                               idataCOMRAM  0011D8
__pintcode                                                   intcode      000008
__pintcode_body                                              intcode_body 000F06
__pintcodelo                                                 intcodelo    000018
__psmallconst                                                smallconst   000600
__ptext0                                                     text0        00122C
__ptext1                                                     text1        000FB6
__ptext10                                                    text10       001166
__ptext11                                                    text11       000E4E
__ptext12                                                    text12       000886
__ptext13                                                    text13       000762
__ptext15                                                    text15       0012A4
__ptext16                                                    text16       0012AC
__ptext17                                                    text17       0012B4
__ptext19                                                    text19       0012BC
__ptext2                                                     text2        000AB2
__ptext20                                                    text20       0012C4
__ptext21                                                    text21       0012CC
__ptext22                                                    text22       0012D4
__ptext3                                                     text3        00099E
__ptext4                                                     text4        000D7C
__ptext5                                                     text5        000CA2
__ptext6                                                     text6        000BC4
__ptext7                                                     text7        000616
__ptext8                                                     text8        00104E
__ptext9                                                     text9        0010DA
__ramtop                                                     ramtop       000600
__smallconst                                                 smallconst   000600
_btn1                                                        dataCOMRAM   000043
_btn2                                                        dataCOMRAM   000040
_errno                                                       bssCOMRAM    000054
_first_int                                                   dataCOMRAM   000038
_i                                                           dataCOMRAM   00004A
_j                                                           bssCOMRAM    000060
_keypad1                                                     dataCOMRAM   00002A
_keypad_elements                                             smallconst   000601
_knum                                                        bssCOMRAM    00005F
_led_arr                                                     dataCOMRAM   00003C
_main                                                        text0        00122C
_motor1                                                      dataCOMRAM   000048
_motor2                                                      dataCOMRAM   000046
_prev                                                        bssCOMRAM    00005E
_relay1                                                      dataCOMRAM   00004D
_second_int                                                  dataCOMRAM   00004E
_seg_units_en                                                dataCOMRAM   00004B
_segment1                                                    dataCOMRAM   000033
_testing                                                     dataCOMRAM   00004C
btemp                                                        temp         000079
end_of_initialization                                        cinit        001296
i2_INT0_ISR                                                  text21       0012CC
i2_INT1_ISR                                                  text20       0012C4
i2_INT2_ISR                                                  text19       0012BC
int$flags                                                    temp         000079
int_func                                                     intcode_body 000F06
intlevel0                                                    text         0012DC
intlevel1                                                    text         0012DC
intlevel2                                                    text         0012DC
intlevel3                                                    text         0012DC
isa$std                                                      (abs)        000001
isa$xinst                                                    (abs)        000000
relay_initialize@F2865                                       bssCOMRAM    000064
relay_turn_off@F2875                                         bssCOMRAM    000062
relay_turn_on@F2870                                          bssCOMRAM    000063
stackhi                                                      (abs)        000000
stacklo                                                      (abs)        000000
start                                                        init         0000A8
start_initialization                                         cinit        00126A
ttemp5                                                       temp         00007A
ttemp6                                                       temp         00007D
ttemp7                                                       temp         000081
wtemp8                                                       temp         00007A


MODULE INFORMATION

Module		Function		Class		Link	Load	Size
MCAL_layer/Interrupt/mcal_interrupt_manager.c
		_InterruptManager		CODE           	0008	0000	184
		_InterruptManagerLow		CODE           	0018	0000	144

MCAL_layer/Interrupt/mcal_interrupt_manager.c estimated size: 328

MCAL_layer/Interrupt/mcal_external_interrupt.c
		_INT_INTx_enable		CODE           	0BC4	0000	222
		_INT_INTx_set_callback_routine		CODE           	0D7C	0000	210
		_RB_ISR        		CODE           	12D4	0000	8
		_INT_INTx_clear_flag		CODE           	10DA	0000	140
		_INT_INTx_get_index		CODE           	1166	0000	114
		_INT_INTx_priority_initialize		CODE           	0CA2	0000	218
		_INT_INTx_disable		CODE           	104E	0000	140
		_INT_INTx_initialize		CODE           	099E	0000	276
		_INT_INTx_edge_initialize		CODE           	0616	0000	332
		_INT_INTx_check_access		CODE           	0E4E	0000	184
		_INT0_ISR      		CODE           	12B4	0000	8
		_INT1_ISR      		CODE           	12AC	0000	8
		_INT2_ISR      		CODE           	12A4	0000	8

MCAL_layer/Interrupt/mcal_external_interrupt.c estimated size: 1868

MCAL_layer/GPIO/hal_gpio.c
		_GPIO_pin_write_logic		CODE           	0AB2	0000	274
		_GPIO_pin_direction_initialize		CODE           	0886	0000	280
		_GPIO_check_access		CODE           	0762	0000	292

MCAL_layer/GPIO/hal_gpio.c estimated size: 846

shared
		i2_INT1_ISR    		CODE           	12C4	0000	8
		_keypad_elements		SMALLCONST     	0601	0000	16
		__initialization		CODE           	126A	0000	44
		i2_INT2_ISR    		CODE           	12BC	0000	8
		i2_INT0_ISR    		CODE           	12CC	0000	8

shared estimated size: 84

ECU_layer/LED/ecu_led.c
		_LED_on        		CODE           	0FB6	0000	152

ECU_layer/LED/ecu_led.c estimated size: 152

application.c
		_main          		CODE           	122C	0000	62

application.c estimated size: 62

