Microchip MPLAB XC8 Compiler V2.50

Linker command line:

-W-3 \
  --edf=/home/nour/programs/microchip/xc8/v2.50/pic/dat/20240725155939_en.msgs \
  -cn -h+dist/default/production/interfacing_main.X.production.sym \
  --cmf=dist/default/production/interfacing_main.X.production.cmf -z \
  -Q18F452 -o/tmp/xcXJJoaDA/driver_tmp_3.o --defsym=__MPLAB_BUILD=1 \
  --fixupoverflow=error \
  -Mdist/default/production/interfacing_main.X.production.map \
  --md=/tmp/xcXJJoaDA/driver_tmp_0.dat -E1 -ver=XC8 Compiler --acfsm=1493 \
  -ACODE=00h-03FFFhx2 -ACONST=00h-07FFFh -ASMALLCONST=0600h-06FFhx122 \
  -AMEDIUMCONST=0600h-07FFFh -ACOMRAM=01h-07Fh -AABS1=00h-05FFh \
  -ABIGRAM=01h-05FFh -ARAM=080h-0FFh,0100h-01FFhx5 -ABANK0=080h-0FFh \
  -ABANK1=0100h-01FFh -ABANK2=0200h-02FFh -ABANK3=0300h-03FFh \
  -ABANK4=0400h-04FFh -ABANK5=0500h-05FFh -ASFR=0F80h-0FFFh \
  -ABIGSFR=0F80h-0FFFh -ACONFIG=0300000h-030000Dh -AIDLOC=0200000h-0200007h \
  -AEEDATA=0F00000h-0F000FFh -peeprom_data=EEDATA \
  -preset_vec=00h,intcode,sivt_hi,intcodelo,sivt_lo,powerup,init \
  -pramtop=0600h -psmallconst=SMALLCONST -pmediumconst=MEDIUMCONST \
  -pconst=CONST -AFARRAM=00h-00h \
  -prdata=COMRAM,nvrram=COMRAM,nvbit=COMRAM,rbss=COMRAM,rbit=COMRAM \
  -pfarbss=FARRAM,fardata=FARRAM,nvFARRAM=FARRAM \
  -pintsave_regs=BIGRAM,bigbss=BIGRAM,bigdata=BIGRAM -pbss=RAM \
  -pidata=CODE,irdata=CODE,ibigdata=CODE,ifardata=CODE -prparam=COMRAM \
  /tmp/xcXJJoaDA/driver_tmp_9.o \
  dist/default/production/interfacing_main.X.production.o 

Object code version is 3.11

Machine type is 18F452



                Name                               Link     Load   Length Selector   Space Scale
/tmp/xcXJJoaDA/driver_tmp_9.o
                config                           300000   300000        E        0       4
                text                                D60      D60        2      301       0
                init                                  2        2        4        0       0
                reset_vec                             0        0        2        0       0
dist/default/production/interfacing_main.X.production.o
                config                           300000   300000        E        0       4
                smallconst                          600      600        2      300       0
                text5                               602      602      20E      301       0
                text4                               810      810      208      301       0
                text3                               B96      B96      144      301       0
                text2                               A18      A18      17E      301       0
                text1                               D0E      D0E       26      301       0
                text0                               D56      D56        A      301       0
                cstackCOMRAM                         23       23        F        1       1
                dataCOMRAM                            1        1       22        1       1
                bssCOMRAM                            32       32        5        1       1
                cinit                               CDA      CDA       34      301       0
                idataCOMRAM                         D34      D34       22      301       0

TOTAL           Name                               Link     Load   Length     Space
        CLASS   CODE           
                text                                D60      D60        2         0
                init                                  2        2        4         0
                reset_vec                             0        0        2         0
                text5                               602      602      20E         0
                text4                               810      810      208         0
                text3                               B96      B96      144         0
                text2                               A18      A18      17E         0
                text1                               D0E      D0E       26         0
                text0                               D56      D56        A         0
                cinit                               CDA      CDA       34         0
                idataCOMRAM                         D34      D34       22         0

        CLASS   CONST          

        CLASS   SMALLCONST     
                smallconst                          600      600        2         0

        CLASS   MEDIUMCONST    

        CLASS   COMRAM         
                cstackCOMRAM                         23       23        F         1
                dataCOMRAM                            1        1       22         1
                bssCOMRAM                            32       32        5         1

        CLASS   ABS1           

        CLASS   BIGRAM         

        CLASS   RAM            

        CLASS   BANK0          

        CLASS   BANK1          

        CLASS   BANK2          

        CLASS   BANK3          

        CLASS   BANK4          

        CLASS   BANK5          

        CLASS   SFR            

        CLASS   BIGSFR         

        CLASS   CONFIG         
                config                           300000   300000        E         4

        CLASS   IDLOC          

        CLASS   EEDATA         

        CLASS   FARRAM         

        CLASS   HEAP           

        CLASS   STACK          



SEGMENTS        Name                           Load    Length   Top    Selector   Space  Class

                reset_vec                      000000  000006  000006         0       0  CODE    
                dataCOMRAM                     000001  000036  000037         1       1  COMRAM  
                text5                          000602  000760  000D62       301       0  CODE    
                smallconst                     000600  000002  000602       300       0  SMALLCON


UNUSED ADDRESS RANGES

        Name                Unused          Largest block    Delta
        BANK0            000080-0000FF               80
        BANK1            000100-0001FF              100
        BANK2            000200-0002FF              100
        BANK3            000300-0003FF              100
        BANK4            000400-0004FF              100
        BANK5            000500-0005FF              100
        BIGRAM           000037-0005FF              5C9
        BIGSFR           000F80-000FFF               80
        CODE             000006-0005FF              5FA
                         000D62-007FFF             329E
        COMRAM           000037-00007F               49
        CONST            000006-0005FF              5FA
                         000D62-007FFF             729E
        EEDATA           F00000-F000FF              100
        IDLOC            200000-200007                8
        MEDIUMCONST      000D62-007FFF             729E
        RAM              000080-0005FF              100
        SFR              000F80-000FFF               80
        SMALLCONST       000D62-007FFF              100

                                  Symbol Table

GPIO_pin_direction_intialize@_pin_config                               cstackCOMRAM 000023
GPIO_pin_direction_intialize@ret                                       cstackCOMRAM 000029
GPIO_pin_intialize@_pin_config                                         cstackCOMRAM 00002B
GPIO_pin_intialize@ret                                                 cstackCOMRAM 00002D
GPIO_pin_write_logic@_pin_config                                       cstackCOMRAM 000023
GPIO_pin_write_logic@logic                                             cstackCOMRAM 000024
GPIO_pin_write_logic@ret                                               cstackCOMRAM 00002A
LED_intialize@F2578                                                    bssCOMRAM    000036
LED_intialize@led                                                      cstackCOMRAM 00002E
LED_intialize@pin_local                                                cstackCOMRAM 000031
LED_intialize@ret                                                      cstackCOMRAM 000030
LED_off@F2588                                                          bssCOMRAM    000034
LED_on@F2583                                                           bssCOMRAM    000035
LED_toggle@F2593                                                       bssCOMRAM    000033
_GPIO_pin_direction_intialize                                          text5        000602
_GPIO_pin_intialize                                                    text3        000B96
_GPIO_pin_write_logic                                                  text4        000810
_LATA                                                                  (abs)        000F89
_LATB                                                                  (abs)        000F8A
_LATC                                                                  (abs)        000F8B
_LATD                                                                  (abs)        000F8C
_LATE                                                                  (abs)        000F8D
_LED1                                                                  dataCOMRAM   000022
_LED2                                                                  dataCOMRAM   000021
_LED3                                                                  dataCOMRAM   000020
_LED4                                                                  dataCOMRAM   00001F
_LED_intialize                                                         text2        000A18
_PORTA                                                                 (abs)        000F80
_PORTB                                                                 (abs)        000F81
_PORTC                                                                 (abs)        000F82
_PORTD                                                                 (abs)        000F83
_PORTE                                                                 (abs)        000F84
_TRISA                                                                 (abs)        000F92
_TRISB                                                                 (abs)        000F93
_TRISC                                                                 (abs)        000F94
_TRISD                                                                 (abs)        000F95
_TRISE                                                                 (abs)        000F96
__HRAM                                                                 (abs)        000000
__H__absolute__                                                        __absolute__ 000000
__Habs1                                                                abs1         000000
__Hbank0                                                               bank0        000000
__Hbank1                                                               bank1        000000
__Hbank2                                                               bank2        000000
__Hbank3                                                               bank3        000000
__Hbank4                                                               bank4        000000
__Hbank5                                                               bank5        000000
__Hbigbss                                                              bigbss       000000
__Hbigdata                                                             bigdata      000000
__Hbigram                                                              bigram       000000
__Hbigsfr                                                              bigsfr       000000
__Hbss                                                                 bss          000000
__HbssCOMRAM                                                           bssCOMRAM    000000
__Hcinit                                                               cinit        000000
__Hclrtext                                                             clrtext      000000
__Hcomram                                                              comram       000000
__Hconfig                                                              config       30000E
__Hconst                                                               const        000000
__HcstackCOMRAM                                                        cstackCOMRAM 000000
__Hdata                                                                data         000000
__HdataCOMRAM                                                          dataCOMRAM   000000
__Heeprom_data                                                         eeprom_data  000000
__Hfarbss                                                              farbss       000000
__Hfardata                                                             fardata      000000
__Hheap                                                                heap         000000
__Hibigdata                                                            ibigdata     000000
__Hidata                                                               idata        000000
__HidataCOMRAM                                                         idataCOMRAM  000000
__Hidloc                                                               idloc        000000
__Hifardata                                                            ifardata     000000
__Hinit                                                                init         000006
__Hintcode                                                             intcode      000002
__Hintcode_body                                                        intcode_body 000000
__Hintcodelo                                                           intcodelo    000002
__Hintentry                                                            intentry     000000
__Hintret                                                              intret       000000
__Hintsave_regs                                                        intsave_regs 000000
__Hirdata                                                              irdata       000000
__Hmediumconst                                                         mediumconst  000000
__HnvFARRAM                                                            nvFARRAM     000000
__Hnvbit                                                               nvbit        000000
__Hnvrram                                                              nvrram       000000
__Hparam                                                               rparam       000000
__Hpowerup                                                             powerup      000002
__Hram                                                                 ram          000000
__Hramtop                                                              ramtop       000600
__Hrbit                                                                rbit         000000
__Hrbss                                                                rbss         000000
__Hrdata                                                               rdata        000000
__Hreset_vec                                                           reset_vec    000002
__Hrparam                                                              rparam       000000
__Hsfr                                                                 sfr          000000
__Hsivt_hi                                                             sivt_hi      000002
__Hsivt_lo                                                             sivt_lo      000002
__Hsmallconst                                                          smallconst   000602
__Hspace_0                                                             (abs)        000D62
__Hspace_1                                                             (abs)        000037
__Hspace_2                                                             (abs)        000000
__Hspace_4                                                             (abs)        60000E
__Hstack                                                               stack        000000
__Hstruct                                                              struct       000000
__Htemp                                                                temp         000000
__Htext                                                                text         000000
__Htext0                                                               text0        000000
__Htext1                                                               text1        000000
__Htext2                                                               text2        000000
__Htext3                                                               text3        000000
__Htext4                                                               text4        000000
__Htext5                                                               text5        000000
__LAT_registers                                                        dataCOMRAM   00000B
__LRAM                                                                 (abs)        000001
__L__absolute__                                                        __absolute__ 000000
__Labs1                                                                abs1         000000
__Lbank0                                                               bank0        000000
__Lbank1                                                               bank1        000000
__Lbank2                                                               bank2        000000
__Lbank3                                                               bank3        000000
__Lbank4                                                               bank4        000000
__Lbank5                                                               bank5        000000
__Lbigbss                                                              bigbss       000000
__Lbigdata                                                             bigdata      000000
__Lbigram                                                              bigram       000000
__Lbigsfr                                                              bigsfr       000000
__Lbss                                                                 bss          000000
__LbssCOMRAM                                                           bssCOMRAM    000000
__Lcinit                                                               cinit        000000
__Lclrtext                                                             clrtext      000000
__Lcomram                                                              comram       000000
__Lconfig                                                              config       000000
__Lconst                                                               const        000000
__LcstackCOMRAM                                                        cstackCOMRAM 000000
__Ldata                                                                data         000000
__LdataCOMRAM                                                          dataCOMRAM   000000
__Leeprom_data                                                         eeprom_data  000000
__Lfarbss                                                              farbss       000000
__Lfardata                                                             fardata      000000
__Lheap                                                                heap         000000
__Libigdata                                                            ibigdata     000000
__Lidata                                                               idata        000000
__LidataCOMRAM                                                         idataCOMRAM  000000
__Lidloc                                                               idloc        000000
__Lifardata                                                            ifardata     000000
__Linit                                                                init         000002
__Lintcode                                                             intcode      000002
__Lintcode_body                                                        intcode_body 000000
__Lintcodelo                                                           intcodelo    000002
__Lintentry                                                            intentry     000000
__Lintret                                                              intret       000000
__Lintsave_regs                                                        intsave_regs 000000
__Lirdata                                                              irdata       000000
__Lmediumconst                                                         mediumconst  000000
__LnvFARRAM                                                            nvFARRAM     000000
__Lnvbit                                                               nvbit        000000
__Lnvrram                                                              nvrram       000000
__Lparam                                                               rparam       000000
__Lpowerup                                                             powerup      000002
__Lram                                                                 ram          000000
__Lramtop                                                              ramtop       000600
__Lrbit                                                                rbit         000000
__Lrbss                                                                rbss         000000
__Lrdata                                                               rdata        000000
__Lreset_vec                                                           reset_vec    000000
__Lrparam                                                              rparam       000000
__Lsfr                                                                 sfr          000000
__Lsivt_hi                                                             sivt_hi      000002
__Lsivt_lo                                                             sivt_lo      000002
__Lsmallconst                                                          smallconst   000600
__Lspace_0                                                             (abs)        000000
__Lspace_1                                                             (abs)        000000
__Lspace_2                                                             (abs)        000000
__Lspace_4                                                             (abs)        000000
__Lstack                                                               stack        000000
__Lstruct                                                              struct       000000
__Ltemp                                                                temp         000000
__Ltext                                                                text         000000
__Ltext0                                                               text0        000000
__Ltext1                                                               text1        000000
__Ltext2                                                               text2        000000
__Ltext3                                                               text3        000000
__Ltext4                                                               text4        000000
__Ltext5                                                               text5        000000
__PORT_registers                                                       dataCOMRAM   000001
__S0                                                                   (abs)        000D62
__S1                                                                   (abs)        000037
__S4                                                                   (abs)        000000
__S5                                                                   (abs)        000000
__TRIS_registers                                                       dataCOMRAM   000015
___heap_hi                                                             (abs)        000000
___heap_lo                                                             (abs)        000000
___inthi_sp                                                            stack        000000
___inthi_stack_hi                                                      stack        000000
___inthi_stack_lo                                                      stack        000000
___intlo_sp                                                            stack        000000
___intlo_stack_hi                                                      stack        000000
___intlo_stack_lo                                                      stack        000000
___param_bank                                                          (abs)        000000
___rparam_used                                                         (abs)        000001
___sp                                                                  stack        000000
___stack_hi                                                            stack        000000
___stack_lo                                                            stack        000000
__accesstop                                                            (abs)        000080
__activetblptr                                                         (abs)        000002
__cntErrataNOP_/tmp/xcXJJoaDA/driver_tmp_9.o                           (abs)        000001
__cntErrataNOP_dist/default/production/interfacing_main.X.production.o (abs)        000063
__end_of_GPIO_pin_direction_intialize                                  text5        000810
__end_of_GPIO_pin_intialize                                            text3        000CDA
__end_of_GPIO_pin_write_logic                                          text4        000A18
__end_of_LED_intialize                                                 text2        000B96
__end_of__initialization                                               cinit        000D04
__end_of_application_intialize                                         text1        000D34
__end_of_main                                                          text0        000D60
__initialization                                                       cinit        000CDA
__mediumconst                                                          mediumconst  000000
__pbssCOMRAM                                                           bssCOMRAM    000032
__pcinit                                                               cinit        000CDA
__pcstackCOMRAM                                                        cstackCOMRAM 000023
__pdataCOMRAM                                                          dataCOMRAM   000001
__pidataCOMRAM                                                         idataCOMRAM  000D34
__psmallconst                                                          smallconst   000600
__ptext0                                                               text0        000D56
__ptext1                                                               text1        000D0E
__ptext2                                                               text2        000A18
__ptext3                                                               text3        000B96
__ptext4                                                               text4        000810
__ptext5                                                               text5        000602
__ramtop                                                               ramtop       000600
__smallconst                                                           smallconst   000600
_application_intialize                                                 text1        000D0E
_dec                                                                   bssCOMRAM    000032
_main                                                                  text0        000D56
end_of_initialization                                                  cinit        000D04
intlevel0                                                              text         000D60
intlevel1                                                              text         000D60
intlevel2                                                              text         000D60
intlevel3                                                              text         000D60
isa$std                                                                (abs)        000001
isa$xinst                                                              (abs)        000000
stackhi                                                                (abs)        000000
stacklo                                                                (abs)        000000
start                                                                  init         000002
start_initialization                                                   cinit        000CDA


MODULE INFORMATION

Module		Function		Class		Link	Load	Size
MCAL_layer/GPIO/hal_gpio.c
		_GPIO_pin_write_logic		CODE           	0810	0000	520
		_GPIO_pin_intialize		CODE           	0B96	0000	324
		_GPIO_pin_direction_intialize		CODE           	0602	0000	526

MCAL_layer/GPIO/hal_gpio.c estimated size: 1370

shared
		__initialization		CODE           	0CDA	0000	42

shared estimated size: 42

ECU_layer/LED/ecu_led.c
		_LED_intialize 		CODE           	0A18	0000	382

ECU_layer/LED/ecu_led.c estimated size: 382

application.c
		_main          		CODE           	0D56	0000	10
		_application_intialize		CODE           	0D0E	0000	38

application.c estimated size: 48

