Microchip MPLAB XC8 Compiler V2.50

Linker command line:

-W-3 \
  --edf=/home/nour/programs/microchip/xc8/v2.50/pic/dat/20240725155939_en.msgs \
  -cn -h+dist/default/production/interfacing_main.X.production.sym \
  --cmf=dist/default/production/interfacing_main.X.production.cmf -z \
  -Q18F452 -o/tmp/xcXLkKFhf/driver_tmp_3.o --defsym=__MPLAB_BUILD=1 \
  --fixupoverflow=error \
  -Mdist/default/production/interfacing_main.X.production.map \
  --md=/tmp/xcXLkKFhf/driver_tmp_0.dat -E1 -ver=XC8 Compiler --acfsm=1493 \
  -ACODE=00h-03FFFhx2 -ACONST=00h-07FFFh -ASMALLCONST=0600h-06FFhx122 \
  -AMEDIUMCONST=0600h-07FFFh -ACOMRAM=01h-07Fh -AABS1=00h-05FFh \
  -ABIGRAM=01h-05FFh -ARAM=080h-0FFh,0100h-01FFhx5 -ABANK0=080h-0FFh \
  -ABANK1=0100h-01FFh -ABANK2=0200h-02FFh -ABANK3=0300h-03FFh \
  -ABANK4=0400h-04FFh -ABANK5=0500h-05FFh -ASFR=0F80h-0FFFh \
  -ABIGSFR=0F80h-0FFFh -ACONFIG=0300000h-030000Dh -AIDLOC=0200000h-0200007h \
  -AEEDATA=0F00000h-0F000FFh -peeprom_data=EEDATA \
  -preset_vec=00h,intcode,sivt_hi,intcodelo,sivt_lo,powerup,init \
  -pramtop=0600h -psmallconst=SMALLCONST -pmediumconst=MEDIUMCONST \
  -pconst=CONST -AFARRAM=00h-00h \
  -prdata=COMRAM,nvrram=COMRAM,nvbit=COMRAM,rbss=COMRAM,rbit=COMRAM \
  -pfarbss=FARRAM,fardata=FARRAM,nvFARRAM=FARRAM \
  -pintsave_regs=BIGRAM,bigbss=BIGRAM,bigdata=BIGRAM -pbss=RAM \
  -pidata=CODE,irdata=CODE,ibigdata=CODE,ifardata=CODE -prparam=COMRAM \
  /tmp/xcXLkKFhf/driver_tmp_9.o \
  dist/default/production/interfacing_main.X.production.o 

Object code version is 3.11

Machine type is 18F452



                Name                               Link     Load   Length Selector   Space Scale
/tmp/xcXLkKFhf/driver_tmp_9.o
                config                           300000   300000        E        0       4
                text                                F52      F52        2      768       0
                init                                  2        2        4        0       0
                reset_vec                             0        0        2        0       0
dist/default/production/interfacing_main.X.production.o
                config                           300000   300000        E        0       4
                smallconst                          600      600       12      300       0
                text12                              612      612      124      309       0
                text11                              736      736      118      309       0
                text10                              84E      84E      112      309       0
                text9                               E42      E42       4C      309       0
                text8                               C20      C20       CE      309       0
                text7                               DAA      DAA       98      309       0
                text6                               F44      F44        E      768       0
                text5                               F2A      F2A       1A      768       0
                text4                               A58      A58       EE      309       0
                text3                               B46      B46       DA      309       0
                text2                               CEE      CEE       BC      309       0
                text1                               960      960       F8      309       0
                text0                               F06      F06       24      768       0
                cstackCOMRAM                         42       42       1B        1       1
                dataCOMRAM                            1        1       41        1       1
                bssCOMRAM                            5D       5D        A        1       1
                cinit                               ED0      ED0       36      768       0
                idataCOMRAM                         E8E      E8E       41      309       0

TOTAL           Name                               Link     Load   Length     Space
        CLASS   CODE           
                text                                F52      F52        2         0
                init                                  2        2        4         0
                reset_vec                             0        0        2         0
                text12                              612      612      124         0
                text11                              736      736      118         0
                text10                              84E      84E      112         0
                text9                               E42      E42       4C         0
                text8                               C20      C20       CE         0
                text7                               DAA      DAA       98         0
                text6                               F44      F44        E         0
                text5                               F2A      F2A       1A         0
                text4                               A58      A58       EE         0
                text3                               B46      B46       DA         0
                text2                               CEE      CEE       BC         0
                text1                               960      960       F8         0
                text0                               F06      F06       24         0
                cinit                               ED0      ED0       36         0
                idataCOMRAM                         E8E      E8E       41         0

        CLASS   CONST          

        CLASS   SMALLCONST     
                smallconst                          600      600       12         0

        CLASS   MEDIUMCONST    

        CLASS   COMRAM         
                cstackCOMRAM                         42       42       1B         1
                dataCOMRAM                            1        1       41         1
                bssCOMRAM                            5D       5D        A         1

        CLASS   ABS1           

        CLASS   BIGRAM         

        CLASS   RAM            

        CLASS   BANK0          

        CLASS   BANK1          

        CLASS   BANK2          

        CLASS   BANK3          

        CLASS   BANK4          

        CLASS   BANK5          

        CLASS   SFR            

        CLASS   BIGSFR         

        CLASS   CONFIG         
                config                           300000   300000        E         4

        CLASS   IDLOC          

        CLASS   EEDATA         

        CLASS   FARRAM         

        CLASS   HEAP           

        CLASS   STACK          



SEGMENTS        Name                           Load    Length   Top    Selector   Space  Class

                reset_vec                      000000  000006  000006         0       0  CODE    
                dataCOMRAM                     000001  000066  000067         1       1  COMRAM  
                cinit                          000ED0  000084  000F54       768       0  CODE    
                text12                         000612  0008BD  000ECF       309       0  CODE    
                smallconst                     000600  000012  000612       300       0  SMALLCON


UNUSED ADDRESS RANGES

        Name                Unused          Largest block    Delta
        BANK0            000080-0000FF               80
        BANK1            000100-0001FF              100
        BANK2            000200-0002FF              100
        BANK3            000300-0003FF              100
        BANK4            000400-0004FF              100
        BANK5            000500-0005FF              100
        BIGRAM           000067-0005FF              599
        BIGSFR           000F80-000FFF               80
        CODE             000006-0005FF              5FA
                         000ECF-000ECF                1
                         000F54-007FFF             30AC
        COMRAM           000067-00007F               19
        CONST            000006-0005FF              5FA
                         000ECF-000ECF                1
                         000F54-007FFF             70AC
        EEDATA           F00000-F000FF              100
        IDLOC            200000-200007                8
        MEDIUMCONST      000ECF-000ECF                1
                         000F54-007FFF             70AC
        RAM              000080-0005FF              100
        SFR              000F80-000FFF               80
        SMALLCONST       000ECF-000ECF                1
                         000F54-007FFF              100

                                  Symbol Table

?___awdiv                                                              cstackCOMRAM 000042
?___awmod                                                              cstackCOMRAM 000042
GPIO_check_access@_pin_config                                          cstackCOMRAM 000042
GPIO_check_access@ret                                                  cstackCOMRAM 000044
GPIO_pin_direction_intialize@_pin_config                               cstackCOMRAM 000045
GPIO_pin_direction_intialize@ret                                       cstackCOMRAM 00004B
GPIO_pin_intialize@_pin_config                                         cstackCOMRAM 00004D
GPIO_pin_intialize@ret                                                 cstackCOMRAM 00004E
GPIO_pin_write_logic@_pin_config                                       cstackCOMRAM 000045
GPIO_pin_write_logic@logic                                             cstackCOMRAM 000046
GPIO_pin_write_logic@ret                                               cstackCOMRAM 00004C
LED_intialize@F2591                                                    bssCOMRAM    000066
LED_off@F2601                                                          bssCOMRAM    000064
LED_on@F2596                                                           bssCOMRAM    000065
LED_toggle@F2606                                                       bssCOMRAM    000063
_GPIO_check_access                                                     text12       000612
_GPIO_pin_direction_intialize                                          text11       000736
_GPIO_pin_intialize                                                    text9        000E42
_GPIO_pin_write_logic                                                  text10       00084E
_LATA                                                                  (abs)        000F89
_LATB                                                                  (abs)        000F8A
_LATC                                                                  (abs)        000F8B
_LATD                                                                  (abs)        000F8C
_LATE                                                                  (abs)        000F8D
_LED1                                                                  dataCOMRAM   000038
_LED2                                                                  dataCOMRAM   000037
_PORTA                                                                 (abs)        000F80
_PORTB                                                                 (abs)        000F81
_PORTC                                                                 (abs)        000F82
_PORTD                                                                 (abs)        000F83
_PORTE                                                                 (abs)        000F84
_TRISA                                                                 (abs)        000F92
_TRISB                                                                 (abs)        000F93
_TRISC                                                                 (abs)        000F94
_TRISD                                                                 (abs)        000F95
_TRISE                                                                 (abs)        000F96
__HRAM                                                                 (abs)        000000
__H__absolute__                                                        __absolute__ 000000
__Habs1                                                                abs1         000000
__Hbank0                                                               bank0        000000
__Hbank1                                                               bank1        000000
__Hbank2                                                               bank2        000000
__Hbank3                                                               bank3        000000
__Hbank4                                                               bank4        000000
__Hbank5                                                               bank5        000000
__Hbigbss                                                              bigbss       000000
__Hbigdata                                                             bigdata      000000
__Hbigram                                                              bigram       000000
__Hbigsfr                                                              bigsfr       000000
__Hbss                                                                 bss          000000
__HbssCOMRAM                                                           bssCOMRAM    000000
__Hcinit                                                               cinit        000000
__Hclrtext                                                             clrtext      000000
__Hcomram                                                              comram       000000
__Hconfig                                                              config       30000E
__Hconst                                                               const        000000
__HcstackCOMRAM                                                        cstackCOMRAM 000000
__Hdata                                                                data         000000
__HdataCOMRAM                                                          dataCOMRAM   000000
__Heeprom_data                                                         eeprom_data  000000
__Hfarbss                                                              farbss       000000
__Hfardata                                                             fardata      000000
__Hheap                                                                heap         000000
__Hibigdata                                                            ibigdata     000000
__Hidata                                                               idata        000000
__HidataCOMRAM                                                         idataCOMRAM  000000
__Hidloc                                                               idloc        000000
__Hifardata                                                            ifardata     000000
__Hinit                                                                init         000006
__Hintcode                                                             intcode      000002
__Hintcode_body                                                        intcode_body 000000
__Hintcodelo                                                           intcodelo    000002
__Hintentry                                                            intentry     000000
__Hintret                                                              intret       000000
__Hintsave_regs                                                        intsave_regs 000000
__Hirdata                                                              irdata       000000
__Hmediumconst                                                         mediumconst  000000
__HnvFARRAM                                                            nvFARRAM     000000
__Hnvbit                                                               nvbit        000000
__Hnvrram                                                              nvrram       000000
__Hparam                                                               rparam       000000
__Hpowerup                                                             powerup      000002
__Hram                                                                 ram          000000
__Hramtop                                                              ramtop       000600
__Hrbit                                                                rbit         000000
__Hrbss                                                                rbss         000000
__Hrdata                                                               rdata        000000
__Hreset_vec                                                           reset_vec    000002
__Hrparam                                                              rparam       000000
__Hsfr                                                                 sfr          000000
__Hsivt_hi                                                             sivt_hi      000002
__Hsivt_lo                                                             sivt_lo      000002
__Hsmallconst                                                          smallconst   000612
__Hspace_0                                                             (abs)        000F54
__Hspace_1                                                             (abs)        000067
__Hspace_2                                                             (abs)        000000
__Hspace_4                                                             (abs)        60000E
__Hstack                                                               stack        000000
__Hstruct                                                              struct       000000
__Htemp                                                                temp         000000
__Htext                                                                text         000000
__Htext0                                                               text0        000000
__Htext1                                                               text1        000000
__Htext10                                                              text10       000000
__Htext11                                                              text11       000000
__Htext12                                                              text12       000000
__Htext2                                                               text2        000000
__Htext3                                                               text3        000000
__Htext4                                                               text4        000000
__Htext5                                                               text5        000000
__Htext6                                                               text6        000000
__Htext7                                                               text7        000000
__Htext8                                                               text8        000000
__Htext9                                                               text9        000000
__LAT_registers                                                        dataCOMRAM   00000B
__LRAM                                                                 (abs)        000001
__L__absolute__                                                        __absolute__ 000000
__Labs1                                                                abs1         000000
__Lbank0                                                               bank0        000000
__Lbank1                                                               bank1        000000
__Lbank2                                                               bank2        000000
__Lbank3                                                               bank3        000000
__Lbank4                                                               bank4        000000
__Lbank5                                                               bank5        000000
__Lbigbss                                                              bigbss       000000
__Lbigdata                                                             bigdata      000000
__Lbigram                                                              bigram       000000
__Lbigsfr                                                              bigsfr       000000
__Lbss                                                                 bss          000000
__LbssCOMRAM                                                           bssCOMRAM    000000
__Lcinit                                                               cinit        000000
__Lclrtext                                                             clrtext      000000
__Lcomram                                                              comram       000000
__Lconfig                                                              config       000000
__Lconst                                                               const        000000
__LcstackCOMRAM                                                        cstackCOMRAM 000000
__Ldata                                                                data         000000
__LdataCOMRAM                                                          dataCOMRAM   000000
__Leeprom_data                                                         eeprom_data  000000
__Lfarbss                                                              farbss       000000
__Lfardata                                                             fardata      000000
__Lheap                                                                heap         000000
__Libigdata                                                            ibigdata     000000
__Lidata                                                               idata        000000
__LidataCOMRAM                                                         idataCOMRAM  000000
__Lidloc                                                               idloc        000000
__Lifardata                                                            ifardata     000000
__Linit                                                                init         000002
__Lintcode                                                             intcode      000002
__Lintcode_body                                                        intcode_body 000000
__Lintcodelo                                                           intcodelo    000002
__Lintentry                                                            intentry     000000
__Lintret                                                              intret       000000
__Lintsave_regs                                                        intsave_regs 000000
__Lirdata                                                              irdata       000000
__Lmediumconst                                                         mediumconst  000000
__LnvFARRAM                                                            nvFARRAM     000000
__Lnvbit                                                               nvbit        000000
__Lnvrram                                                              nvrram       000000
__Lparam                                                               rparam       000000
__Lpowerup                                                             powerup      000002
__Lram                                                                 ram          000000
__Lramtop                                                              ramtop       000600
__Lrbit                                                                rbit         000000
__Lrbss                                                                rbss         000000
__Lrdata                                                               rdata        000000
__Lreset_vec                                                           reset_vec    000000
__Lrparam                                                              rparam       000000
__Lsfr                                                                 sfr          000000
__Lsivt_hi                                                             sivt_hi      000002
__Lsivt_lo                                                             sivt_lo      000002
__Lsmallconst                                                          smallconst   000600
__Lspace_0                                                             (abs)        000000
__Lspace_1                                                             (abs)        000000
__Lspace_2                                                             (abs)        000000
__Lspace_4                                                             (abs)        000000
__Lstack                                                               stack        000000
__Lstruct                                                              struct       000000
__Ltemp                                                                temp         000000
__Ltext                                                                text         000000
__Ltext0                                                               text0        000000
__Ltext1                                                               text1        000000
__Ltext10                                                              text10       000000
__Ltext11                                                              text11       000000
__Ltext12                                                              text12       000000
__Ltext2                                                               text2        000000
__Ltext3                                                               text3        000000
__Ltext4                                                               text4        000000
__Ltext5                                                               text5        000000
__Ltext6                                                               text6        000000
__Ltext7                                                               text7        000000
__Ltext8                                                               text8        000000
__Ltext9                                                               text9        000000
__PORT_registers                                                       dataCOMRAM   000001
__S0                                                                   (abs)        000F54
__S1                                                                   (abs)        000067
__S4                                                                   (abs)        000000
__S5                                                                   (abs)        000000
__TRIS_registers                                                       dataCOMRAM   000015
___awdiv                                                               text4        000A58
___awdiv@counter                                                       cstackCOMRAM 000046
___awdiv@dividend                                                      cstackCOMRAM 000042
___awdiv@divisor                                                       cstackCOMRAM 000044
___awdiv@quotient                                                      cstackCOMRAM 000048
___awdiv@sign                                                          cstackCOMRAM 000047
___awmod                                                               text3        000B46
___awmod@counter                                                       cstackCOMRAM 000046
___awmod@dividend                                                      cstackCOMRAM 000042
___awmod@divisor                                                       cstackCOMRAM 000044
___awmod@sign                                                          cstackCOMRAM 000047
___heap_hi                                                             (abs)        000000
___heap_lo                                                             (abs)        000000
___inthi_sp                                                            stack        000000
___inthi_stack_hi                                                      stack        000000
___inthi_stack_lo                                                      stack        000000
___intlo_sp                                                            stack        000000
___intlo_stack_hi                                                      stack        000000
___intlo_stack_lo                                                      stack        000000
___param_bank                                                          (abs)        000000
___rparam_used                                                         (abs)        000001
___sp                                                                  stack        000000
___stack_hi                                                            stack        000000
___stack_lo                                                            stack        000000
__accesstop                                                            (abs)        000080
__activetblptr                                                         (abs)        000002
__cntErrataNOP_/tmp/xcXLkKFhf/driver_tmp_9.o                           (abs)        000001
__cntErrataNOP_dist/default/production/interfacing_main.X.production.o (abs)        00008F
__end_of_GPIO_check_access                                             text12       000736
__end_of_GPIO_pin_direction_intialize                                  text11       00084E
__end_of_GPIO_pin_intialize                                            text9        000E8E
__end_of_GPIO_pin_write_logic                                          text10       000960
__end_of___awdiv                                                       text4        000B46
__end_of___awmod                                                       text3        000C20
__end_of__initialization                                               cinit        000EFC
__end_of_application_intialize                                         text5        000F44
__end_of_ecu_init                                                      text6        000F52
__end_of_keypad_elements                                               smallconst   000611
__end_of_main                                                          text0        000F2A
__end_of_seven_segment_intialize                                       text7        000E42
__end_of_seven_segment_linit                                           text8        000CEE
__end_of_seven_segment_write_2digit_number                             text1        000A58
__end_of_seven_segment_write_number                                    text2        000DAA
__initialization                                                       cinit        000ED0
__mediumconst                                                          mediumconst  000000
__pbssCOMRAM                                                           bssCOMRAM    00005D
__pcinit                                                               cinit        000ED0
__pcstackCOMRAM                                                        cstackCOMRAM 000042
__pdataCOMRAM                                                          dataCOMRAM   000001
__pidataCOMRAM                                                         idataCOMRAM  000E8E
__psmallconst                                                          smallconst   000600
__ptext0                                                               text0        000F06
__ptext1                                                               text1        000960
__ptext10                                                              text10       00084E
__ptext11                                                              text11       000736
__ptext12                                                              text12       000612
__ptext2                                                               text2        000CEE
__ptext3                                                               text3        000B46
__ptext4                                                               text4        000A58
__ptext5                                                               text5        000F2A
__ptext6                                                               text6        000F44
__ptext7                                                               text7        000DAA
__ptext8                                                               text8        000C20
__ptext9                                                               text9        000E42
__ramtop                                                               ramtop       000600
__smallconst                                                           smallconst   000600
_application_intialize                                                 text5        000F2A
_btn1                                                                  dataCOMRAM   00002F
_btn2                                                                  dataCOMRAM   00002C
_ecu_init                                                              text6        000F44
_i                                                                     dataCOMRAM   000036
_j                                                                     bssCOMRAM    00005F
_keypad1                                                               dataCOMRAM   00001F
_keypad_elements                                                       smallconst   000601
_knum                                                                  bssCOMRAM    00005E
_led_arr                                                               dataCOMRAM   000028
_main                                                                  text0        000F06
_motor1                                                                dataCOMRAM   000034
_motor2                                                                dataCOMRAM   000032
_prev                                                                  bssCOMRAM    00005D
_relay1                                                                dataCOMRAM   000039
_seg_tenth_en                                                          dataCOMRAM   000040
_seg_units_en                                                          dataCOMRAM   000041
_segment1                                                              dataCOMRAM   00003A
_seven_segment_intialize                                               text7        000DAA
_seven_segment_linit                                                   text8        000C20
_seven_segment_write_2digit_number                                     text1        000960
_seven_segment_write_number                                            text2        000CEE
end_of_initialization                                                  cinit        000EFC
intlevel0                                                              text         000F52
intlevel1                                                              text         000F52
intlevel2                                                              text         000F52
intlevel3                                                              text         000F52
isa$std                                                                (abs)        000001
isa$xinst                                                              (abs)        000000
relay_intialize@F2586                                                  bssCOMRAM    000062
relay_turn_off@F2596                                                   bssCOMRAM    000060
relay_turn_on@F2591                                                    bssCOMRAM    000061
seven_segment_intialize@i                                              cstackCOMRAM 000055
seven_segment_intialize@lpin                                           cstackCOMRAM 000050
seven_segment_intialize@ret                                            cstackCOMRAM 000054
seven_segment_intialize@seg                                            cstackCOMRAM 00004F
seven_segment_linit@i                                                  cstackCOMRAM 000046
seven_segment_linit@lpin                                               cstackCOMRAM 000043
seven_segment_linit@ret                                                cstackCOMRAM 000045
seven_segment_linit@seg                                                cstackCOMRAM 000042
seven_segment_write_2digit_number@number                               cstackCOMRAM 00005A
seven_segment_write_2digit_number@ret                                  cstackCOMRAM 00005C
seven_segment_write_2digit_number@seg                                  cstackCOMRAM 000057
seven_segment_write_2digit_number@seg_tenth_en                         cstackCOMRAM 000058
seven_segment_write_2digit_number@seg_units_en                         cstackCOMRAM 000059
seven_segment_write_number@c                                           cstackCOMRAM 000056
seven_segment_write_number@lpin                                        cstackCOMRAM 000051
seven_segment_write_number@number                                      cstackCOMRAM 00004E
seven_segment_write_number@ret                                         cstackCOMRAM 000055
seven_segment_write_number@seg                                         cstackCOMRAM 00004D
stackhi                                                                (abs)        000000
stacklo                                                                (abs)        000000
start                                                                  init         000002
start_initialization                                                   cinit        000ED0


MODULE INFORMATION

Module		Function		Class		Link	Load	Size
MCAL_layer/GPIO/hal_gpio.c
		_GPIO_pin_write_logic		CODE           	084E	0000	274
		_GPIO_pin_intialize		CODE           	0E42	0000	76
		_GPIO_pin_direction_intialize		CODE           	0736	0000	280
		_GPIO_check_access		CODE           	0612	0000	292

MCAL_layer/GPIO/hal_gpio.c estimated size: 922

/home/nour/programs/microchip/xc8/v2.50/pic/sources/c99/common/awmod.c
		___awmod       		CODE           	0B46	0000	218

/home/nour/programs/microchip/xc8/v2.50/pic/sources/c99/common/awmod.c estimated size: 218

ECU_layer/7_Segment/ecu_7_segment.c
		_seven_segment_write_number		CODE           	0CEE	0000	188
		_seven_segment_linit		CODE           	0C20	0000	206
		_seven_segment_intialize		CODE           	0DAA	0000	152
		_seven_segment_write_2digit_number		CODE           	0960	0000	248

ECU_layer/7_Segment/ecu_7_segment.c estimated size: 794

/home/nour/programs/microchip/xc8/v2.50/pic/sources/c99/common/awdiv.c
		___awdiv       		CODE           	0A58	0000	238

/home/nour/programs/microchip/xc8/v2.50/pic/sources/c99/common/awdiv.c estimated size: 238

shared
		_keypad_elements		SMALLCONST     	0601	0000	16
		__initialization		CODE           	0ED0	0000	44

shared estimated size: 60

ECU_layer/ecu_init.c
		_ecu_init      		CODE           	0F44	0000	14

ECU_layer/ecu_init.c estimated size: 14

application.c
		_main          		CODE           	0F06	0000	36
		_application_intialize		CODE           	0F2A	0000	26

application.c estimated size: 62

